// Jest Snapshot v1, https://goo.gl/fbAQLP

exports[`should render correctly <HomePage> 1`] = `ReactWrapper {}`;
